[39676:52564:0711/204711.694:WARNING:t_skinfilemap.cpp(56)] SGRenderLog:CheckUpdate newMem.OpenMem failed, szNewMem:Local\sgime_skin.v6.filemap.sogouime err:系统错误2: 系统找不到指定的文件。  
打开Filemap失败: Local\sgime_skin.v6.filemap.sogouime298115a8097
[39676:52564:0711/204711.694:WARNING:t_skinfilemap.cpp(65)] SGRenderLog:CheckUpdate finish: old version:1
[39676:52564:0711/204711.694:WARNING:t_skinfilemap.cpp(67)] SGRenderLog:CheckUpdate finish: new version:6
[39676:52564:0711/204711.741:WARNING:t_skinfilemap.cpp(63)] SGRenderLog:CheckUpdate newMem.OpenMem Suc, szNewMem:Local\sgime_skin.Dpi192.v6.filemap.sogouime
[39676:52564:0711/204711.741:WARNING:t_skinfilemap.cpp(65)] SGRenderLog:CheckUpdate finish: old version:6
[39676:52564:0711/204711.741:WARNING:t_skinfilemap.cpp(67)] SGRenderLog:CheckUpdate finish: new version:6
[36488:50716:0711/204811.119:WARNING:t_skinfilemap.cpp(56)] SGRenderLog:CheckUpdate newMem.OpenMem failed, szNewMem:Local\sgime_skin.v6.filemap.sogouime err:系统错误2: 系统找不到指定的文件。  
打开Filemap失败: Local\sgime_skin.v6.filemap.sogouime298115a8097
[36488:50716:0711/204811.119:WARNING:t_skinfilemap.cpp(65)] SGRenderLog:CheckUpdate finish: old version:1
[36488:50716:0711/204811.119:WARNING:t_skinfilemap.cpp(67)] SGRenderLog:CheckUpdate finish: new version:6
[36488:50716:0711/204811.162:WARNING:t_skinfilemap.cpp(63)] SGRenderLog:CheckUpdate newMem.OpenMem Suc, szNewMem:Local\sgime_skin.Dpi192.v6.filemap.sogouime
[36488:50716:0711/204811.162:WARNING:t_skinfilemap.cpp(65)] SGRenderLog:CheckUpdate finish: old version:6
[36488:50716:0711/204811.162:WARNING:t_skinfilemap.cpp(67)] SGRenderLog:CheckUpdate finish: new version:6
[57396:58388:0712/002712.947:WARNING:t_skinfilemap.cpp(56)] SGRenderLog:CheckUpdate newMem.OpenMem failed, szNewMem:Local\sgime_skin.v6.filemap.sogouime err:系统错误2: 系统找不到指定的文件。  
打开Filemap失败: Local\sgime_skin.v6.filemap.sogouime298115a8097
[57396:58388:0712/002712.947:WARNING:t_skinfilemap.cpp(65)] SGRenderLog:CheckUpdate finish: old version:1
[57396:58388:0712/002712.947:WARNING:t_skinfilemap.cpp(67)] SGRenderLog:CheckUpdate finish: new version:6
[57396:58388:0712/002713.005:WARNING:t_skinfilemap.cpp(63)] SGRenderLog:CheckUpdate newMem.OpenMem Suc, szNewMem:Local\sgime_skin.Dpi192.v6.filemap.sogouime
[57396:58388:0712/002713.005:WARNING:t_skinfilemap.cpp(65)] SGRenderLog:CheckUpdate finish: old version:6
[57396:58388:0712/002713.005:WARNING:t_skinfilemap.cpp(67)] SGRenderLog:CheckUpdate finish: new version:6
[44616:35516:0712/003440.341:WARNING:t_skinfilemap.cpp(56)] SGRenderLog:CheckUpdate newMem.OpenMem failed, szNewMem:Local\sgime_skin.v6.filemap.sogouime err:系统错误2: 系统找不到指定的文件。  
打开Filemap失败: Local\sgime_skin.v6.filemap.sogouime298115a8097
[44616:35516:0712/003440.343:WARNING:t_skinfilemap.cpp(65)] SGRenderLog:CheckUpdate finish: old version:1
[44616:35516:0712/003440.343:WARNING:t_skinfilemap.cpp(67)] SGRenderLog:CheckUpdate finish: new version:6
[44616:35516:0712/003440.382:WARNING:t_skinfilemap.cpp(63)] SGRenderLog:CheckUpdate newMem.OpenMem Suc, szNewMem:Local\sgime_skin.Dpi192.v6.filemap.sogouime
[44616:35516:0712/003440.382:WARNING:t_skinfilemap.cpp(65)] SGRenderLog:CheckUpdate finish: old version:6
[44616:35516:0712/003440.382:WARNING:t_skinfilemap.cpp(67)] SGRenderLog:CheckUpdate finish: new version:6
